// Jest Snapshot v1, https://goo.gl/fbAQLP

exports[`[components] - Cart should render correctly 1`] = `
Object {
  "asFragment": [Function],
  "baseElement": <body>
    <div>
      <div
        class="Cart__Container-sc-1h98xa9-1 OVjcy"
      >
        <button
          class="Cart__CartButton-sc-1h98xa9-0 Xqoyz"
        >
          <div
            class="Cart__CartIcon-sc-1h98xa9-2 dFOmZq"
          >
            <div
              class="Cart__CartQuantity-sc-1h98xa9-3 gkShyn"
              title="Products in cart quantity"
            >
              0
            </div>
          </div>
        </button>
      </div>
    </div>
  </body>,
  "container": <div>
    <div
      class="Cart__Container-sc-1h98xa9-1 OVjcy"
    >
      <button
        class="Cart__CartButton-sc-1h98xa9-0 Xqoyz"
      >
        <div
          class="Cart__CartIcon-sc-1h98xa9-2 dFOmZq"
        >
          <div
            class="Cart__CartQuantity-sc-1h98xa9-3 gkShyn"
            title="Products in cart quantity"
          >
            0
          </div>
        </div>
      </button>
    </div>
  </div>,
  "debug": [Function],
  "findAllByAltText": [Function],
  "findAllByDisplayValue": [Function],
  "findAllByLabelText": [Function],
  "findAllByPlaceholderText": [Function],
  "findAllByRole": [Function],
  "findAllByTestId": [Function],
  "findAllByText": [Function],
  "findAllByTitle": [Function],
  "findByAltText": [Function],
  "findByDisplayValue": [Function],
  "findByLabelText": [Function],
  "findByPlaceholderText": [Function],
  "findByRole": [Function],
  "findByTestId": [Function],
  "findByText": [Function],
  "findByTitle": [Function],
  "getAllByAltText": [Function],
  "getAllByDisplayValue": [Function],
  "getAllByLabelText": [Function],
  "getAllByPlaceholderText": [Function],
  "getAllByRole": [Function],
  "getAllByTestId": [Function],
  "getAllByText": [Function],
  "getAllByTitle": [Function],
  "getByAltText": [Function],
  "getByDisplayValue": [Function],
  "getByLabelText": [Function],
  "getByPlaceholderText": [Function],
  "getByRole": [Function],
  "getByTestId": [Function],
  "getByText": [Function],
  "getByTitle": [Function],
  "queryAllByAltText": [Function],
  "queryAllByDisplayValue": [Function],
  "queryAllByLabelText": [Function],
  "queryAllByPlaceholderText": [Function],
  "queryAllByRole": [Function],
  "queryAllByTestId": [Function],
  "queryAllByText": [Function],
  "queryAllByTitle": [Function],
  "queryByAltText": [Function],
  "queryByDisplayValue": [Function],
  "queryByLabelText": [Function],
  "queryByPlaceholderText": [Function],
  "queryByRole": [Function],
  "queryByTestId": [Function],
  "queryByText": [Function],
  "queryByTitle": [Function],
  "rerender": [Function],
  "unmount": [Function],
}
`;
